Component: ARM Compiler 5.06 update 6 (build 750) Tool: armlink [4d35ed]

==============================================================================

Section Cross References

    system_stm32f10x.o(.text) refers to system_stm32f10x.o(.data) for SystemCoreClock
    startup_stm32f10x_hd.o(RESET) refers to startup_stm32f10x_hd.o(STACK) for __initial_sp
    startup_stm32f10x_hd.o(RESET) refers to startup_stm32f10x_hd.o(.text) for Reset_Handler
    startup_stm32f10x_hd.o(RESET) refers to stm32f10x_it.o(.text) for NMI_Handler
    startup_stm32f10x_hd.o(.text) refers to system_stm32f10x.o(.text) for SystemInit
    startup_stm32f10x_hd.o(.text) refers to entry.o(.ARM.Collect$$$$00000000) for __main
    stm32f10x_adc.o(.text) refers to stm32f10x_rcc.o(.text) for RCC_APB2PeriphResetCmd
    stm32f10x_bkp.o(.text) refers to stm32f10x_rcc.o(.text) for RCC_BackupResetCmd
    stm32f10x_can.o(.text) refers to stm32f10x_rcc.o(.text) for RCC_APB1PeriphResetCmd
    stm32f10x_cec.o(.text) refers to stm32f10x_rcc.o(.text) for RCC_APB1PeriphResetCmd
    stm32f10x_dac.o(.text) refers to stm32f10x_rcc.o(.text) for RCC_APB1PeriphResetCmd
    stm32f10x_gpio.o(.text) refers to stm32f10x_rcc.o(.text) for RCC_APB2PeriphResetCmd
    stm32f10x_i2c.o(.text) refers to stm32f10x_rcc.o(.text) for RCC_APB1PeriphResetCmd
    stm32f10x_pwr.o(.text) refers to stm32f10x_rcc.o(.text) for RCC_APB1PeriphResetCmd
    stm32f10x_rcc.o(.text) refers to stm32f10x_rcc.o(.data) for APBAHBPrescTable
    stm32f10x_spi.o(.text) refers to stm32f10x_rcc.o(.text) for RCC_APB2PeriphResetCmd
    stm32f10x_tim.o(.text) refers to stm32f10x_rcc.o(.text) for RCC_APB2PeriphResetCmd
    stm32f10x_usart.o(.text) refers to stm32f10x_rcc.o(.text) for RCC_APB2PeriphResetCmd
    stm32f10x_wwdg.o(.text) refers to stm32f10x_rcc.o(.text) for RCC_APB1PeriphResetCmd
    main.o(.text) refers to usart.o(.text) for USART1_Config
    main.o(.text) refers to ldc1000.o(.text) for SPI_LDC_Init
    main.o(.text) refers to qdtft_demo.o(.text) for selftest
    usart.o(.text) refers to stm32f10x_rcc.o(.text) for RCC_APB2PeriphClockCmd
    usart.o(.text) refers to stm32f10x_gpio.o(.text) for GPIO_Init
    usart.o(.text) refers to stm32f10x_usart.o(.text) for USART_Init
    usart.o(.text) refers to misc.o(.text) for NVIC_PriorityGroupConfig
    ldc1000.o(.text) refers to stm32f10x_rcc.o(.text) for RCC_APB2PeriphClockCmd
    ldc1000.o(.text) refers to stm32f10x_gpio.o(.text) for GPIO_Init
    ldc1000.o(.text) refers to stm32f10x_spi.o(.text) for SPI_Init
    ldc1000.o(.text) refers to stm32f10x_tim.o(.text) for TIM_TimeBaseInit
    ldc1000.o(.text) refers to misc.o(.text) for NVIC_PriorityGroupConfig
    ldc1000.o(.text) refers to ldc1000.o(.data) for ProximityData
    ldc1000.o(.text) refers to ldc1000.o(.bss) for DataRcv
    gui.o(.text) refers to lcd_driver.o(.text) for Gui_DrawPoint
    gui.o(.text) refers to gui.o(.constdata) for asc16
    lcd_driver.o(.text) refers to stm32f10x_rcc.o(.text) for RCC_APB2PeriphClockCmd
    lcd_driver.o(.text) refers to stm32f10x_gpio.o(.text) for GPIO_Init
    lcd_driver.o(.text) refers to stm32f10x_spi.o(.text) for SPI_Init
    lcd_driver.o(.text) refers to delay.o(.text) for delay_ms
    qdtft_demo.o(.text) refers to lcd_driver.o(.text) for Lcd_Clear
    qdtft_demo.o(.text) refers to gui.o(.text) for Gui_DrawFont_GBK16
    qdtft_demo.o(.text) refers to delay.o(.text) for delay_ms
    qdtft_demo.o(.text) refers to qdtft_demo.o(.data) for Num
    qdtft_demo.o(.text) refers to qdtft_demo.o(.constdata) for gImage_qq
    qdtft_demo.o(.text) refers to system_stm32f10x.o(.text) for SystemInit
    qdtft_demo.o(.text) refers to ldc1000.o(.data) for ProximityData
    delay.o(.text) refers to delay.o(.data) for fac_us
    entry.o(.ARM.Collect$$$$00000000) refers (Special) to entry10a.o(.ARM.Collect$$$$0000000D) for __rt_final_cpp
    entry.o(.ARM.Collect$$$$00000000) refers (Special) to entry11a.o(.ARM.Collect$$$$0000000F) for __rt_final_exit
    entry.o(.ARM.Collect$$$$00000000) refers (Special) to entry7b.o(.ARM.Collect$$$$00000008) for _main_clock
    entry.o(.ARM.Collect$$$$00000000) refers (Special) to entry8b.o(.ARM.Collect$$$$0000000A) for _main_cpp_init
    entry.o(.ARM.Collect$$$$00000000) refers (Special) to entry9a.o(.ARM.Collect$$$$0000000B) for _main_init
    entry.o(.ARM.Collect$$$$00000000) refers (Special) to entry5.o(.ARM.Collect$$$$00000004) for _main_scatterload
    entry.o(.ARM.Collect$$$$00000000) refers (Special) to entry2.o(.ARM.Collect$$$$00000001) for _main_stk
    entry2.o(.ARM.Collect$$$$00000001) refers to entry2.o(.ARM.Collect$$$$00002712) for __lit__00000000
    entry2.o(.ARM.Collect$$$$00002712) refers to startup_stm32f10x_hd.o(STACK) for __initial_sp
    entry2.o(__vectab_stack_and_reset_area) refers to startup_stm32f10x_hd.o(STACK) for __initial_sp
    entry2.o(__vectab_stack_and_reset_area) refers to entry.o(.ARM.Collect$$$$00000000) for __main
    entry5.o(.ARM.Collect$$$$00000004) refers to init.o(.text) for __scatterload
    entry9a.o(.ARM.Collect$$$$0000000B) refers to main.o(.text) for main
    entry9b.o(.ARM.Collect$$$$0000000C) refers to main.o(.text) for main
    init.o(.text) refers to entry5.o(.ARM.Collect$$$$00000004) for __main_after_scatterload


==============================================================================

Removing Unused input sections from the image.

    Removing core_cm3.o(.emb_text), (32 bytes).
    Removing startup_stm32f10x_hd.o(HEAP), (512 bytes).
    Removing stm32f10x_adc.o(.text), (1102 bytes).
    Removing stm32f10x_bkp.o(.text), (196 bytes).
    Removing stm32f10x_can.o(.text), (2544 bytes).
    Removing stm32f10x_cec.o(.text), (288 bytes).
    Removing stm32f10x_crc.o(.text), (72 bytes).
    Removing stm32f10x_dac.o(.text), (396 bytes).
    Removing stm32f10x_dbgmcu.o(.text), (48 bytes).
    Removing stm32f10x_dma.o(.text), (596 bytes).
    Removing stm32f10x_exti.o(.text), (284 bytes).
    Removing stm32f10x_flash.o(.text), (1468 bytes).
    Removing stm32f10x_fsmc.o(.text), (1548 bytes).
    Removing stm32f10x_i2c.o(.text), (1028 bytes).
    Removing stm32f10x_iwdg.o(.text), (64 bytes).
    Removing stm32f10x_pwr.o(.text), (204 bytes).
    Removing stm32f10x_rtc.o(.text), (328 bytes).
    Removing stm32f10x_sdio.o(.text), (468 bytes).
    Removing stm32f10x_wwdg.o(.text), (136 bytes).

19 unused section(s) (total 11314 bytes) removed from the image.

==============================================================================

Image Symbol Table

    Local Symbols

    Symbol Name                              Value     Ov Type        Size  Object(Section)

    ../clib/microlib/init/entry.s            0x00000000   Number         0  entry10b.o ABSOLUTE
    ../clib/microlib/init/entry.s            0x00000000   Number         0  entry10a.o ABSOLUTE
    ../clib/microlib/init/entry.s            0x00000000   Number         0  entry9b.o ABSOLUTE
    ../clib/microlib/init/entry.s            0x00000000   Number         0  entry9a.o ABSOLUTE
    ../clib/microlib/init/entry.s            0x00000000   Number         0  entry2.o ABSOLUTE
    ../clib/microlib/init/entry.s            0x00000000   Number         0  entry5.o ABSOLUTE
    ../clib/microlib/init/entry.s            0x00000000   Number         0  entry8b.o ABSOLUTE
    ../clib/microlib/init/entry.s            0x00000000   Number         0  entry8a.o ABSOLUTE
    ../clib/microlib/init/entry.s            0x00000000   Number         0  entry7a.o ABSOLUTE
    ../clib/microlib/init/entry.s            0x00000000   Number         0  entry7b.o ABSOLUTE
    ../clib/microlib/init/entry.s            0x00000000   Number         0  entry.o ABSOLUTE
    ../clib/microlib/init/entry.s            0x00000000   Number         0  entry11a.o ABSOLUTE
    ../clib/microlib/init/entry.s            0x00000000   Number         0  entry11b.o ABSOLUTE
    ..\Libraries\CMSIS\CM3\CoreSupport\core_cm3.c 0x00000000   Number         0  core_cm3.o ABSOLUTE
    ..\Libraries\CMSIS\CM3\DeviceSupport\ST\STM32F10x\startup\arm\startup_stm32f10x_hd.s 0x00000000   Number         0  startup_stm32f10x_hd.o ABSOLUTE
    ..\Libraries\CMSIS\CM3\DeviceSupport\ST\STM32F10x\system_stm32f10x.c 0x00000000   Number         0  system_stm32f10x.o ABSOLUTE
    ..\Libraries\STM32F10x_StdPeriph_Driver\src\misc.c 0x00000000   Number         0  misc.o ABSOLUTE
    ..\Libraries\STM32F10x_StdPeriph_Driver\src\stm32f10x_adc.c 0x00000000   Number         0  stm32f10x_adc.o ABSOLUTE
    ..\Libraries\STM32F10x_StdPeriph_Driver\src\stm32f10x_bkp.c 0x00000000   Number         0  stm32f10x_bkp.o ABSOLUTE
    ..\Libraries\STM32F10x_StdPeriph_Driver\src\stm32f10x_can.c 0x00000000   Number         0  stm32f10x_can.o ABSOLUTE
    ..\Libraries\STM32F10x_StdPeriph_Driver\src\stm32f10x_cec.c 0x00000000   Number         0  stm32f10x_cec.o ABSOLUTE
    ..\Libraries\STM32F10x_StdPeriph_Driver\src\stm32f10x_crc.c 0x00000000   Number         0  stm32f10x_crc.o ABSOLUTE
    ..\Libraries\STM32F10x_StdPeriph_Driver\src\stm32f10x_dac.c 0x00000000   Number         0  stm32f10x_dac.o ABSOLUTE
    ..\Libraries\STM32F10x_StdPeriph_Driver\src\stm32f10x_dbgmcu.c 0x00000000   Number         0  stm32f10x_dbgmcu.o ABSOLUTE
    ..\Libraries\STM32F10x_StdPeriph_Driver\src\stm32f10x_dma.c 0x00000000   Number         0  stm32f10x_dma.o ABSOLUTE
    ..\Libraries\STM32F10x_StdPeriph_Driver\src\stm32f10x_exti.c 0x00000000   Number         0  stm32f10x_exti.o ABSOLUTE
    ..\Libraries\STM32F10x_StdPeriph_Driver\src\stm32f10x_flash.c 0x00000000   Number         0  stm32f10x_flash.o ABSOLUTE
    ..\Libraries\STM32F10x_StdPeriph_Driver\src\stm32f10x_fsmc.c 0x00000000   Number         0  stm32f10x_fsmc.o ABSOLUTE
    ..\Libraries\STM32F10x_StdPeriph_Driver\src\stm32f10x_gpio.c 0x00000000   Number         0  stm32f10x_gpio.o ABSOLUTE
    ..\Libraries\STM32F10x_StdPeriph_Driver\src\stm32f10x_i2c.c 0x00000000   Number         0  stm32f10x_i2c.o ABSOLUTE
    ..\Libraries\STM32F10x_StdPeriph_Driver\src\stm32f10x_iwdg.c 0x00000000   Number         0  stm32f10x_iwdg.o ABSOLUTE
    ..\Libraries\STM32F10x_StdPeriph_Driver\src\stm32f10x_pwr.c 0x00000000   Number         0  stm32f10x_pwr.o ABSOLUTE
    ..\Libraries\STM32F10x_StdPeriph_Driver\src\stm32f10x_rcc.c 0x00000000   Number         0  stm32f10x_rcc.o ABSOLUTE
    ..\Libraries\STM32F10x_StdPeriph_Driver\src\stm32f10x_rtc.c 0x00000000   Number         0  stm32f10x_rtc.o ABSOLUTE
    ..\Libraries\STM32F10x_StdPeriph_Driver\src\stm32f10x_sdio.c 0x00000000   Number         0  stm32f10x_sdio.o ABSOLUTE
    ..\Libraries\STM32F10x_StdPeriph_Driver\src\stm32f10x_spi.c 0x00000000   Number         0  stm32f10x_spi.o ABSOLUTE
    ..\Libraries\STM32F10x_StdPeriph_Driver\src\stm32f10x_tim.c 0x00000000   Number         0  stm32f10x_tim.o ABSOLUTE
    ..\Libraries\STM32F10x_StdPeriph_Driver\src\stm32f10x_usart.c 0x00000000   Number         0  stm32f10x_usart.o ABSOLUTE
    ..\Libraries\STM32F10x_StdPeriph_Driver\src\stm32f10x_wwdg.c 0x00000000   Number         0  stm32f10x_wwdg.o ABSOLUTE
    ..\\Libraries\\CMSIS\\CM3\\CoreSupport\\core_cm3.c 0x00000000   Number         0  core_cm3.o ABSOLUTE
    TFT2.2\GUI.c                             0x00000000   Number         0  gui.o ABSOLUTE
    TFT2.2\Lcd_Driver.c                      0x00000000   Number         0  lcd_driver.o ABSOLUTE
    TFT2.2\QDTFT_demo.c                      0x00000000   Number         0  qdtft_demo.o ABSOLUTE
    TFT2.2\delay.c                           0x00000000   Number         0  delay.o ABSOLUTE
    dc.s                                     0x00000000   Number         0  dc.o ABSOLUTE
    handlers.s                               0x00000000   Number         0  handlers.o ABSOLUTE
    init.s                                   0x00000000   Number         0  init.o ABSOLUTE
    ldc1000.c                                0x00000000   Number         0  ldc1000.o ABSOLUTE
    main.c                                   0x00000000   Number         0  main.o ABSOLUTE
    stm32f10x_it.c                           0x00000000   Number         0  stm32f10x_it.o ABSOLUTE
    usart.c                                  0x00000000   Number         0  usart.o ABSOLUTE
    RESET                                    0x08000000   Section      304  startup_stm32f10x_hd.o(RESET)
    .ARM.Collect$$$$00000000                 0x08000130   Section        0  entry.o(.ARM.Collect$$$$00000000)
    .ARM.Collect$$$$00000001                 0x08000130   Section        4  entry2.o(.ARM.Collect$$$$00000001)
    .ARM.Collect$$$$00000004                 0x08000134   Section        4  entry5.o(.ARM.Collect$$$$00000004)
    .ARM.Collect$$$$00000008                 0x08000138   Section        0  entry7b.o(.ARM.Collect$$$$00000008)
    .ARM.Collect$$$$0000000A                 0x08000138   Section        0  entry8b.o(.ARM.Collect$$$$0000000A)
    .ARM.Collect$$$$0000000B                 0x08000138   Section        8  entry9a.o(.ARM.Collect$$$$0000000B)
    .ARM.Collect$$$$0000000D                 0x08000140   Section        0  entry10a.o(.ARM.Collect$$$$0000000D)
    .ARM.Collect$$$$0000000F                 0x08000140   Section        0  entry11a.o(.ARM.Collect$$$$0000000F)
    .ARM.Collect$$$$00002712                 0x08000140   Section        4  entry2.o(.ARM.Collect$$$$00002712)
    __lit__00000000                          0x08000140   Data           4  entry2.o(.ARM.Collect$$$$00002712)
    .text                                    0x08000144   Section        0  system_stm32f10x.o(.text)
    SetSysClockTo72                          0x08000145   Thumb Code   214  system_stm32f10x.o(.text)
    SetSysClock                              0x0800021b   Thumb Code     8  system_stm32f10x.o(.text)
    .text                                    0x08000324   Section       36  startup_stm32f10x_hd.o(.text)
    .text                                    0x08000348   Section        0  misc.o(.text)
    .text                                    0x08000424   Section        0  stm32f10x_gpio.o(.text)
    .text                                    0x08000780   Section        0  stm32f10x_rcc.o(.text)
    .text                                    0x08000b24   Section        0  stm32f10x_spi.o(.text)
    .text                                    0x08000e30   Section        0  stm32f10x_tim.o(.text)
    TI4_Config                               0x080012d7   Thumb Code   130  stm32f10x_tim.o(.text)
    TI3_Config                               0x0800136b   Thumb Code   122  stm32f10x_tim.o(.text)
    TI2_Config                               0x080013ff   Thumb Code   130  stm32f10x_tim.o(.text)
    TI1_Config                               0x08001493   Thumb Code   108  stm32f10x_tim.o(.text)
    .text                                    0x08001c4c   Section        0  stm32f10x_usart.o(.text)
    .text                                    0x08002054   Section        0  main.o(.text)
    .text                                    0x08002066   Section        0  stm32f10x_it.o(.text)
    .text                                    0x08002080   Section        0  usart.o(.text)
    .text                                    0x080023a0   Section        0  ldc1000.o(.text)
    LDC_Delay_1ms                            0x080023a1   Thumb Code    30  ldc1000.o(.text)
    SPI_LDC_WriteReg                         0x080024a7   Thumb Code    36  ldc1000.o(.text)
    SPI_LDC_ReadReg                          0x080024cb   Thumb Code    40  ldc1000.o(.text)
    TIM3_Mode_Config                         0x08002621   Thumb Code   102  ldc1000.o(.text)
    TIM3_GPIO_Config                         0x08002687   Thumb Code    46  ldc1000.o(.text)
    .text                                    0x08002718   Section        0  gui.o(.text)
    .text                                    0x08003058   Section        0  lcd_driver.o(.text)
    .text                                    0x0800352c   Section        0  qdtft_demo.o(.text)
    .text                                    0x08003b34   Section        0  delay.o(.text)
    .text                                    0x08003be4   Section       36  init.o(.text)
    i.__scatterload_copy                     0x08003c08   Section       14  handlers.o(i.__scatterload_copy)
    i.__scatterload_null                     0x08003c16   Section        2  handlers.o(i.__scatterload_null)
    i.__scatterload_zeroinit                 0x08003c18   Section       14  handlers.o(i.__scatterload_zeroinit)
    .constdata                               0x08003c26   Section     7262  gui.o(.constdata)
    .constdata                               0x08005884   Section     3200  qdtft_demo.o(.constdata)
    .data                                    0x20000000   Section       20  system_stm32f10x.o(.data)
    .data                                    0x20000014   Section       20  stm32f10x_rcc.o(.data)
    APBAHBPrescTable                         0x20000014   Data          16  stm32f10x_rcc.o(.data)
    ADCPrescTable                            0x20000024   Data           4  stm32f10x_rcc.o(.data)
    .data                                    0x20000028   Section       12  ldc1000.o(.data)
    .data                                    0x20000034   Section       10  qdtft_demo.o(.data)
    .data                                    0x2000003e   Section        4  delay.o(.data)
    fac_us                                   0x2000003e   Data           1  delay.o(.data)
    fac_ms                                   0x20000040   Data           2  delay.o(.data)
    .bss                                     0x20000044   Section       10  ldc1000.o(.bss)
    STACK                                    0x20000050   Section     1024  startup_stm32f10x_hd.o(STACK)

    Global Symbols

    Symbol Name                              Value     Ov Type        Size  Object(Section)

    BuildAttributes$$THM_ISAv4$P$D$K$B$S$PE$A:L22UL41UL21$X:L11$S22US41US21$IEEE1$IW$USESV6$~STKCKD$USESV7$~SHL$OSPACE$EBA8$MICROLIB$REQ8$PRES8$EABIv2 0x00000000   Number         0  anon$$obj.o ABSOLUTE
    __ARM_use_no_argv                        0x00000000   Number         0  main.o ABSOLUTE
    __cpp_initialize__aeabi_                  - Undefined Weak Reference
    __cxa_finalize                            - Undefined Weak Reference
    __decompress                              - Undefined Weak Reference
    _clock_init                               - Undefined Weak Reference
    _microlib_exit                            - Undefined Weak Reference
    __Vectors_Size                           0x00000130   Number         0  startup_stm32f10x_hd.o ABSOLUTE
    __Vectors                                0x08000000   Data           4  startup_stm32f10x_hd.o(RESET)
    __Vectors_End                            0x08000130   Data           0  startup_stm32f10x_hd.o(RESET)
    __main                                   0x08000131   Thumb Code     0  entry.o(.ARM.Collect$$$$00000000)
    _main_stk                                0x08000131   Thumb Code     0  entry2.o(.ARM.Collect$$$$00000001)
    _main_scatterload                        0x08000135   Thumb Code     0  entry5.o(.ARM.Collect$$$$00000004)
    __main_after_scatterload                 0x08000139   Thumb Code     0  entry5.o(.ARM.Collect$$$$00000004)
    _main_clock                              0x08000139   Thumb Code     0  entry7b.o(.ARM.Collect$$$$00000008)
    _main_cpp_init                           0x08000139   Thumb Code     0  entry8b.o(.ARM.Collect$$$$0000000A)
    _main_init                               0x08000139   Thumb Code     0  entry9a.o(.ARM.Collect$$$$0000000B)
    __rt_final_cpp                           0x08000141   Thumb Code     0  entry10a.o(.ARM.Collect$$$$0000000D)
    __rt_final_exit                          0x08000141   Thumb Code     0  entry11a.o(.ARM.Collect$$$$0000000F)
    SystemInit                               0x08000223   Thumb Code    78  system_stm32f10x.o(.text)
    SystemCoreClockUpdate                    0x08000271   Thumb Code   142  system_stm32f10x.o(.text)
    Reset_Handler                            0x08000325   Thumb Code     8  startup_stm32f10x_hd.o(.text)
    ADC1_2_IRQHandler                        0x0800033f   Thumb Code     0  startup_stm32f10x_hd.o(.text)
    ADC3_IRQHandler                          0x0800033f   Thumb Code     0  startup_stm32f10x_hd.o(.text)
    CAN1_RX1_IRQHandler                      0x0800033f   Thumb Code     0  startup_stm32f10x_hd.o(.text)
    CAN1_SCE_IRQHandler                      0x0800033f   Thumb Code     0  startup_stm32f10x_hd.o(.text)
    DMA1_Channel1_IRQHandler                 0x0800033f   Thumb Code     0  startup_stm32f10x_hd.o(.text)
    DMA1_Channel2_IRQHandler                 0x0800033f   Thumb Code     0  startup_stm32f10x_hd.o(.text)
    DMA1_Channel3_IRQHandler                 0x0800033f   Thumb Code     0  startup_stm32f10x_hd.o(.text)
    DMA1_Channel4_IRQHandler                 0x0800033f   Thumb Code     0  startup_stm32f10x_hd.o(.text)
    DMA1_Channel5_IRQHandler                 0x0800033f   Thumb Code     0  startup_stm32f10x_hd.o(.text)
    DMA1_Channel6_IRQHandler                 0x0800033f   Thumb Code     0  startup_stm32f10x_hd.o(.text)
    DMA1_Channel7_IRQHandler                 0x0800033f   Thumb Code     0  startup_stm32f10x_hd.o(.text)
    DMA2_Channel1_IRQHandler                 0x0800033f   Thumb Code     0  startup_stm32f10x_hd.o(.text)
    DMA2_Channel2_IRQHandler                 0x0800033f   Thumb Code     0  startup_stm32f10x_hd.o(.text)
    DMA2_Channel3_IRQHandler                 0x0800033f   Thumb Code     0  startup_stm32f10x_hd.o(.text)
    DMA2_Channel4_5_IRQHandler               0x0800033f   Thumb Code     0  startup_stm32f10x_hd.o(.text)
    EXTI0_IRQHandler                         0x0800033f   Thumb Code     0  startup_stm32f10x_hd.o(.text)
    EXTI15_10_IRQHandler                     0x0800033f   Thumb Code     0  startup_stm32f10x_hd.o(.text)
    EXTI1_IRQHandler                         0x0800033f   Thumb Code     0  startup_stm32f10x_hd.o(.text)
    EXTI2_IRQHandler                         0x0800033f   Thumb Code     0  startup_stm32f10x_hd.o(.text)
    EXTI3_IRQHandler                         0x0800033f   Thumb Code     0  startup_stm32f10x_hd.o(.text)
    EXTI4_IRQHandler                         0x0800033f   Thumb Code     0  startup_stm32f10x_hd.o(.text)
    EXTI9_5_IRQHandler                       0x0800033f   Thumb Code     0  startup_stm32f10x_hd.o(.text)
    FLASH_IRQHandler                         0x0800033f   Thumb Code     0  startup_stm32f10x_hd.o(.text)
    FSMC_IRQHandler                          0x0800033f   Thumb Code     0  startup_stm32f10x_hd.o(.text)
    I2C1_ER_IRQHandler                       0x0800033f   Thumb Code     0  startup_stm32f10x_hd.o(.text)
    I2C1_EV_IRQHandler                       0x0800033f   Thumb Code     0  startup_stm32f10x_hd.o(.text)
    I2C2_ER_IRQHandler                       0x0800033f   Thumb Code     0  startup_stm32f10x_hd.o(.text)
    I2C2_EV_IRQHandler                       0x0800033f   Thumb Code     0  startup_stm32f10x_hd.o(.text)
    PVD_IRQHandler                           0x0800033f   Thumb Code     0  startup_stm32f10x_hd.o(.text)
    RCC_IRQHandler                           0x0800033f   Thumb Code     0  startup_stm32f10x_hd.o(.text)
    RTCAlarm_IRQHandler                      0x0800033f   Thumb Code     0  startup_stm32f10x_hd.o(.text)
    RTC_IRQHandler                           0x0800033f   Thumb Code     0  startup_stm32f10x_hd.o(.text)
    SDIO_IRQHandler                          0x0800033f   Thumb Code     0  startup_stm32f10x_hd.o(.text)
    SPI1_IRQHandler                          0x0800033f   Thumb Code     0  startup_stm32f10x_hd.o(.text)
    SPI2_IRQHandler                          0x0800033f   Thumb Code     0  startup_stm32f10x_hd.o(.text)
    SPI3_IRQHandler                          0x0800033f   Thumb Code     0  startup_stm32f10x_hd.o(.text)
    TAMPER_IRQHandler                        0x0800033f   Thumb Code     0  startup_stm32f10x_hd.o(.text)
    TIM1_BRK_IRQHandler                      0x0800033f   Thumb Code     0  startup_stm32f10x_hd.o(.text)
    TIM1_CC_IRQHandler                       0x0800033f   Thumb Code     0  startup_stm32f10x_hd.o(.text)
    TIM1_TRG_COM_IRQHandler                  0x0800033f   Thumb Code     0  startup_stm32f10x_hd.o(.text)
    TIM1_UP_IRQHandler                       0x0800033f   Thumb Code     0  startup_stm32f10x_hd.o(.text)
    TIM2_IRQHandler                          0x0800033f   Thumb Code     0  startup_stm32f10x_hd.o(.text)
    TIM3_IRQHandler                          0x0800033f   Thumb Code     0  startup_stm32f10x_hd.o(.text)
    TIM4_IRQHandler                          0x0800033f   Thumb Code     0  startup_stm32f10x_hd.o(.text)
    TIM5_IRQHandler                          0x0800033f   Thumb Code     0  startup_stm32f10x_hd.o(.text)
    TIM6_IRQHandler                          0x0800033f   Thumb Code     0  startup_stm32f10x_hd.o(.text)
    TIM7_IRQHandler                          0x0800033f   Thumb Code     0  startup_stm32f10x_hd.o(.text)
    TIM8_BRK_IRQHandler                      0x0800033f   Thumb Code     0  startup_stm32f10x_hd.o(.text)
    TIM8_CC_IRQHandler                       0x0800033f   Thumb Code     0  startup_stm32f10x_hd.o(.text)
    TIM8_TRG_COM_IRQHandler                  0x0800033f   Thumb Code     0  startup_stm32f10x_hd.o(.text)
    TIM8_UP_IRQHandler                       0x0800033f   Thumb Code     0  startup_stm32f10x_hd.o(.text)
    UART4_IRQHandler                         0x0800033f   Thumb Code     0  startup_stm32f10x_hd.o(.text)
    UART5_IRQHandler                         0x0800033f   Thumb Code     0  startup_stm32f10x_hd.o(.text)
    USART1_IRQHandler                        0x0800033f   Thumb Code     0  startup_stm32f10x_hd.o(.text)
    USART2_IRQHandler                        0x0800033f   Thumb Code     0  startup_stm32f10x_hd.o(.text)
    USART3_IRQHandler                        0x0800033f   Thumb Code     0  startup_stm32f10x_hd.o(.text)
    USBWakeUp_IRQHandler                     0x0800033f   Thumb Code     0  startup_stm32f10x_hd.o(.text)
    USB_HP_CAN1_TX_IRQHandler                0x0800033f   Thumb Code     0  startup_stm32f10x_hd.o(.text)
    USB_LP_CAN1_RX0_IRQHandler               0x0800033f   Thumb Code     0  startup_stm32f10x_hd.o(.text)
    WWDG_IRQHandler                          0x0800033f   Thumb Code     0  startup_stm32f10x_hd.o(.text)
    NVIC_PriorityGroupConfig                 0x08000349   Thumb Code    10  misc.o(.text)
    NVIC_Init                                0x08000353   Thumb Code   100  misc.o(.text)
    NVIC_SetVectorTable                      0x080003b7   Thumb Code    14  misc.o(.text)
    NVIC_SystemLPConfig                      0x080003c5   Thumb Code    34  misc.o(.text)
    SysTick_CLKSourceConfig                  0x080003e7   Thumb Code    40  misc.o(.text)
    GPIO_DeInit                              0x08000425   Thumb Code   172  stm32f10x_gpio.o(.text)
    GPIO_AFIODeInit                          0x080004d1   Thumb Code    20  stm32f10x_gpio.o(.text)
    GPIO_Init                                0x080004e5   Thumb Code   278  stm32f10x_gpio.o(.text)
    GPIO_StructInit                          0x080005fb   Thumb Code    16  stm32f10x_gpio.o(.text)
    GPIO_ReadInputDataBit                    0x0800060b   Thumb Code    18  stm32f10x_gpio.o(.text)
    GPIO_ReadInputData                       0x0800061d   Thumb Code     8  stm32f10x_gpio.o(.text)
    GPIO_ReadOutputDataBit                   0x08000625   Thumb Code    18  stm32f10x_gpio.o(.text)
    GPIO_ReadOutputData                      0x08000637   Thumb Code     8  stm32f10x_gpio.o(.text)
    GPIO_SetBits                             0x0800063f   Thumb Code     4  stm32f10x_gpio.o(.text)
    GPIO_ResetBits                           0x08000643   Thumb Code     4  stm32f10x_gpio.o(.text)
    GPIO_WriteBit                            0x08000647   Thumb Code    10  stm32f10x_gpio.o(.text)
    GPIO_Write                               0x08000651   Thumb Code     4  stm32f10x_gpio.o(.text)
    GPIO_PinLockConfig                       0x08000655   Thumb Code    18  stm32f10x_gpio.o(.text)
    GPIO_EventOutputConfig                   0x08000667   Thumb Code    26  stm32f10x_gpio.o(.text)
    GPIO_EventOutputCmd                      0x08000681   Thumb Code     6  stm32f10x_gpio.o(.text)
    GPIO_PinRemapConfig                      0x08000687   Thumb Code   138  stm32f10x_gpio.o(.text)
    GPIO_EXTILineConfig                      0x08000711   Thumb Code    66  stm32f10x_gpio.o(.text)
    GPIO_ETH_MediaInterfaceConfig            0x08000753   Thumb Code     8  stm32f10x_gpio.o(.text)
    RCC_DeInit                               0x08000781   Thumb Code    64  stm32f10x_rcc.o(.text)
    RCC_HSEConfig                            0x080007c1   Thumb Code    70  stm32f10x_rcc.o(.text)
    RCC_GetFlagStatus                        0x08000807   Thumb Code    56  stm32f10x_rcc.o(.text)
    RCC_WaitForHSEStartUp                    0x0800083f   Thumb Code    56  stm32f10x_rcc.o(.text)
    RCC_AdjustHSICalibrationValue            0x08000877   Thumb Code    20  stm32f10x_rcc.o(.text)
    RCC_HSICmd                               0x0800088b   Thumb Code     6  stm32f10x_rcc.o(.text)
    RCC_PLLConfig                            0x08000891   Thumb Code    24  stm32f10x_rcc.o(.text)
    RCC_PLLCmd                               0x080008a9   Thumb Code     6  stm32f10x_rcc.o(.text)
    RCC_SYSCLKConfig                         0x080008af   Thumb Code    18  stm32f10x_rcc.o(.text)
    RCC_GetSYSCLKSource                      0x080008c1   Thumb Code    10  stm32f10x_rcc.o(.text)
    RCC_HCLKConfig                           0x080008cb   Thumb Code    18  stm32f10x_rcc.o(.text)
    RCC_PCLK1Config                          0x080008dd   Thumb Code    18  stm32f10x_rcc.o(.text)
    RCC_PCLK2Config                          0x080008ef   Thumb Code    20  stm32f10x_rcc.o(.text)
    RCC_ITConfig                             0x08000903   Thumb Code    26  stm32f10x_rcc.o(.text)
    RCC_USBCLKConfig                         0x0800091d   Thumb Code     8  stm32f10x_rcc.o(.text)
    RCC_ADCCLKConfig                         0x08000925   Thumb Code    18  stm32f10x_rcc.o(.text)
    RCC_LSEConfig                            0x08000937   Thumb Code    50  stm32f10x_rcc.o(.text)
    RCC_LSICmd                               0x08000969   Thumb Code     6  stm32f10x_rcc.o(.text)
    RCC_RTCCLKConfig                         0x0800096f   Thumb Code    12  stm32f10x_rcc.o(.text)
    RCC_RTCCLKCmd                            0x0800097b   Thumb Code     8  stm32f10x_rcc.o(.text)
    RCC_GetClocksFreq                        0x08000983   Thumb Code   192  stm32f10x_rcc.o(.text)
    RCC_AHBPeriphClockCmd                    0x08000a43   Thumb Code    26  stm32f10x_rcc.o(.text)
    RCC_APB2PeriphClockCmd                   0x08000a5d   Thumb Code    26  stm32f10x_rcc.o(.text)
    RCC_APB1PeriphClockCmd                   0x08000a77   Thumb Code    26  stm32f10x_rcc.o(.text)
    RCC_APB2PeriphResetCmd                   0x08000a91   Thumb Code    26  stm32f10x_rcc.o(.text)
    RCC_APB1PeriphResetCmd                   0x08000aab   Thumb Code    26  stm32f10x_rcc.o(.text)
    RCC_BackupResetCmd                       0x08000ac5   Thumb Code     8  stm32f10x_rcc.o(.text)
    RCC_ClockSecuritySystemCmd               0x08000acd   Thumb Code     6  stm32f10x_rcc.o(.text)
    RCC_MCOConfig                            0x08000ad3   Thumb Code     6  stm32f10x_rcc.o(.text)
    RCC_ClearFlag                            0x08000ad9   Thumb Code    14  stm32f10x_rcc.o(.text)
    RCC_GetITStatus                          0x08000ae7   Thumb Code    20  stm32f10x_rcc.o(.text)
    RCC_ClearITPendingBit                    0x08000afb   Thumb Code     6  stm32f10x_rcc.o(.text)
    SPI_I2S_DeInit                           0x08000b25   Thumb Code    76  stm32f10x_spi.o(.text)
    SPI_Init                                 0x08000b71   Thumb Code    60  stm32f10x_spi.o(.text)
    I2S_Init                                 0x08000bad   Thumb Code   226  stm32f10x_spi.o(.text)
    SPI_StructInit                           0x08000c8f   Thumb Code    24  stm32f10x_spi.o(.text)
    I2S_StructInit                           0x08000ca7   Thumb Code    20  stm32f10x_spi.o(.text)
    SPI_Cmd                                  0x08000cbb   Thumb Code    24  stm32f10x_spi.o(.text)
    I2S_Cmd                                  0x08000cd3   Thumb Code    24  stm32f10x_spi.o(.text)
    SPI_I2S_ITConfig                         0x08000ceb   Thumb Code    32  stm32f10x_spi.o(.text)
    SPI_I2S_DMACmd                           0x08000d0b   Thumb Code    18  stm32f10x_spi.o(.text)
    SPI_I2S_SendData                         0x08000d1d   Thumb Code     4  stm32f10x_spi.o(.text)
    SPI_I2S_ReceiveData                      0x08000d21   Thumb Code     6  stm32f10x_spi.o(.text)
    SPI_NSSInternalSoftwareConfig            0x08000d27   Thumb Code    30  stm32f10x_spi.o(.text)
    SPI_SSOutputCmd                          0x08000d45   Thumb Code    24  stm32f10x_spi.o(.text)
    SPI_DataSizeConfig                       0x08000d5d   Thumb Code    18  stm32f10x_spi.o(.text)
    SPI_TransmitCRC                          0x08000d6f   Thumb Code    10  stm32f10x_spi.o(.text)
    SPI_CalculateCRC                         0x08000d79   Thumb Code    24  stm32f10x_spi.o(.text)
    SPI_GetCRC                               0x08000d91   Thumb Code    16  stm32f10x_spi.o(.text)
    SPI_GetCRCPolynomial                     0x08000da1   Thumb Code     6  stm32f10x_spi.o(.text)
    SPI_BiDirectionalLineConfig              0x08000da7   Thumb Code    28  stm32f10x_spi.o(.text)
    SPI_I2S_GetFlagStatus                    0x08000dc3   Thumb Code    18  stm32f10x_spi.o(.text)
    SPI_I2S_ClearFlag                        0x08000dd5   Thumb Code     6  stm32f10x_spi.o(.text)
    SPI_I2S_GetITStatus                      0x08000ddb   Thumb Code    52  stm32f10x_spi.o(.text)
    SPI_I2S_ClearITPendingBit                0x08000e0f   Thumb Code    20  stm32f10x_spi.o(.text)
    TIM_DeInit                               0x08000e31   Thumb Code   424  stm32f10x_tim.o(.text)
    TIM_TimeBaseInit                         0x08000fd9   Thumb Code   122  stm32f10x_tim.o(.text)
    TIM_OC1Init                              0x08001053   Thumb Code   132  stm32f10x_tim.o(.text)
    TIM_OC2Init                              0x080010d7   Thumb Code   154  stm32f10x_tim.o(.text)
    TIM_OC3Init                              0x08001171   Thumb Code   150  stm32f10x_tim.o(.text)
    TIM_OC4Init                              0x08001207   Thumb Code   182  stm32f10x_tim.o(.text)
    TIM_SetIC4Prescaler                      0x080012bd   Thumb Code    26  stm32f10x_tim.o(.text)
    TIM_SetIC3Prescaler                      0x08001359   Thumb Code    18  stm32f10x_tim.o(.text)
    TIM_SetIC2Prescaler                      0x080013e5   Thumb Code    26  stm32f10x_tim.o(.text)
    TIM_SetIC1Prescaler                      0x08001481   Thumb Code    18  stm32f10x_tim.o(.text)
    TIM_ICInit                               0x080014ff   Thumb Code   150  stm32f10x_tim.o(.text)
    TIM_PWMIConfig                           0x08001595   Thumb Code   124  stm32f10x_tim.o(.text)
    TIM_BDTRConfig                           0x08001611   Thumb Code    32  stm32f10x_tim.o(.text)
    TIM_TimeBaseStructInit                   0x08001631   Thumb Code    18  stm32f10x_tim.o(.text)
    TIM_OCStructInit                         0x08001643   Thumb Code    20  stm32f10x_tim.o(.text)
    TIM_ICStructInit                         0x08001657   Thumb Code    18  stm32f10x_tim.o(.text)
    TIM_BDTRStructInit                       0x08001669   Thumb Code    40  stm32f10x_tim.o(.text)
    TIM_Cmd                                  0x08001691   Thumb Code    24  stm32f10x_tim.o(.text)
    TIM_CtrlPWMOutputs                       0x080016a9   Thumb Code    30  stm32f10x_tim.o(.text)
    TIM_ITConfig                             0x080016c7   Thumb Code    18  stm32f10x_tim.o(.text)
    TIM_GenerateEvent                        0x080016d9   Thumb Code     4  stm32f10x_tim.o(.text)
    TIM_DMAConfig                            0x080016dd   Thumb Code    10  stm32f10x_tim.o(.text)
    TIM_DMACmd                               0x080016e7   Thumb Code    18  stm32f10x_tim.o(.text)
    TIM_InternalClockConfig                  0x080016f9   Thumb Code    12  stm32f10x_tim.o(.text)
    TIM_SelectInputTrigger                   0x08001705   Thumb Code    18  stm32f10x_tim.o(.text)
    TIM_ITRxExternalClockConfig              0x08001717   Thumb Code    24  stm32f10x_tim.o(.text)
    TIM_TIxExternalClockConfig               0x0800172f   Thumb Code    62  stm32f10x_tim.o(.text)
    TIM_ETRConfig                            0x0800176d   Thumb Code    28  stm32f10x_tim.o(.text)
    TIM_ETRClockMode1Config                  0x08001789   Thumb Code    54  stm32f10x_tim.o(.text)
    TIM_ETRClockMode2Config                  0x080017bf   Thumb Code    32  stm32f10x_tim.o(.text)
    TIM_PrescalerConfig                      0x080017df   Thumb Code     6  stm32f10x_tim.o(.text)
    TIM_CounterModeConfig                    0x080017e5   Thumb Code    18  stm32f10x_tim.o(.text)
    TIM_EncoderInterfaceConfig               0x080017f7   Thumb Code    66  stm32f10x_tim.o(.text)
    TIM_ForcedOC1Config                      0x08001839   Thumb Code    18  stm32f10x_tim.o(.text)
    TIM_ForcedOC2Config                      0x0800184b   Thumb Code    26  stm32f10x_tim.o(.text)
    TIM_ForcedOC3Config                      0x08001865   Thumb Code    18  stm32f10x_tim.o(.text)
    TIM_ForcedOC4Config                      0x08001877   Thumb Code    26  stm32f10x_tim.o(.text)
    TIM_ARRPreloadConfig                     0x08001891   Thumb Code    24  stm32f10x_tim.o(.text)
    TIM_SelectCOM                            0x080018a9   Thumb Code    24  stm32f10x_tim.o(.text)
    TIM_SelectCCDMA                          0x080018c1   Thumb Code    24  stm32f10x_tim.o(.text)
    TIM_CCPreloadControl                     0x080018d9   Thumb Code    24  stm32f10x_tim.o(.text)
    TIM_OC1PreloadConfig                     0x080018f1   Thumb Code    18  stm32f10x_tim.o(.text)
    TIM_OC2PreloadConfig                     0x08001903   Thumb Code    26  stm32f10x_tim.o(.text)
    TIM_OC3PreloadConfig                     0x0800191d   Thumb Code    18  stm32f10x_tim.o(.text)
    TIM_OC4PreloadConfig                     0x0800192f   Thumb Code    26  stm32f10x_tim.o(.text)
    TIM_OC1FastConfig                        0x08001949   Thumb Code    18  stm32f10x_tim.o(.text)
    TIM_OC2FastConfig                        0x0800195b   Thumb Code    26  stm32f10x_tim.o(.text)
    TIM_OC3FastConfig                        0x08001975   Thumb Code    18  stm32f10x_tim.o(.text)
    TIM_OC4FastConfig                        0x08001987   Thumb Code    26  stm32f10x_tim.o(.text)
    TIM_ClearOC1Ref                          0x080019a1   Thumb Code    18  stm32f10x_tim.o(.text)
    TIM_ClearOC2Ref                          0x080019b3   Thumb Code    24  stm32f10x_tim.o(.text)
    TIM_ClearOC3Ref                          0x080019cb   Thumb Code    18  stm32f10x_tim.o(.text)
    TIM_ClearOC4Ref                          0x080019dd   Thumb Code    24  stm32f10x_tim.o(.text)
    TIM_OC1PolarityConfig                    0x080019f5   Thumb Code    18  stm32f10x_tim.o(.text)
    TIM_OC1NPolarityConfig                   0x08001a07   Thumb Code    18  stm32f10x_tim.o(.text)
    TIM_OC2PolarityConfig                    0x08001a19   Thumb Code    26  stm32f10x_tim.o(.text)
    TIM_OC2NPolarityConfig                   0x08001a33   Thumb Code    26  stm32f10x_tim.o(.text)
    TIM_OC3PolarityConfig                    0x08001a4d   Thumb Code    26  stm32f10x_tim.o(.text)
    TIM_OC3NPolarityConfig                   0x08001a67   Thumb Code    26  stm32f10x_tim.o(.text)
    TIM_OC4PolarityConfig                    0x08001a81   Thumb Code    26  stm32f10x_tim.o(.text)
    TIM_CCxCmd                               0x08001a9b   Thumb Code    30  stm32f10x_tim.o(.text)
    TIM_CCxNCmd                              0x08001ab9   Thumb Code    30  stm32f10x_tim.o(.text)
    TIM_SelectOCxM                           0x08001ad7   Thumb Code    82  stm32f10x_tim.o(.text)
    TIM_UpdateDisableConfig                  0x08001b29   Thumb Code    24  stm32f10x_tim.o(.text)
    TIM_UpdateRequestConfig                  0x08001b41   Thumb Code    24  stm32f10x_tim.o(.text)
    TIM_SelectHallSensor                     0x08001b59   Thumb Code    24  stm32f10x_tim.o(.text)
    TIM_SelectOnePulseMode                   0x08001b71   Thumb Code    18  stm32f10x_tim.o(.text)
    TIM_SelectOutputTrigger                  0x08001b83   Thumb Code    18  stm32f10x_tim.o(.text)
    TIM_SelectSlaveMode                      0x08001b95   Thumb Code    18  stm32f10x_tim.o(.text)
    TIM_SelectMasterSlaveMode                0x08001ba7   Thumb Code    18  stm32f10x_tim.o(.text)
    TIM_SetCounter                           0x08001bb9   Thumb Code     4  stm32f10x_tim.o(.text)
    TIM_SetAutoreload                        0x08001bbd   Thumb Code     4  stm32f10x_tim.o(.text)
    TIM_SetCompare1                          0x08001bc1   Thumb Code     4  stm32f10x_tim.o(.text)
    TIM_SetCompare2                          0x08001bc5   Thumb Code     4  stm32f10x_tim.o(.text)
    TIM_SetCompare3                          0x08001bc9   Thumb Code     4  stm32f10x_tim.o(.text)
    TIM_SetCompare4                          0x08001bcd   Thumb Code     6  stm32f10x_tim.o(.text)
    TIM_SetClockDivision                     0x08001bd3   Thumb Code    18  stm32f10x_tim.o(.text)
    TIM_GetCapture1                          0x08001be5   Thumb Code     6  stm32f10x_tim.o(.text)
    TIM_GetCapture2                          0x08001beb   Thumb Code     6  stm32f10x_tim.o(.text)
    TIM_GetCapture3                          0x08001bf1   Thumb Code     6  stm32f10x_tim.o(.text)
    TIM_GetCapture4                          0x08001bf7   Thumb Code     8  stm32f10x_tim.o(.text)
    TIM_GetCounter                           0x08001bff   Thumb Code     6  stm32f10x_tim.o(.text)
    TIM_GetPrescaler                         0x08001c05   Thumb Code     6  stm32f10x_tim.o(.text)
    TIM_GetFlagStatus                        0x08001c0b   Thumb Code    18  stm32f10x_tim.o(.text)
    TIM_ClearFlag                            0x08001c1d   Thumb Code     6  stm32f10x_tim.o(.text)
    TIM_GetITStatus                          0x08001c23   Thumb Code    34  stm32f10x_tim.o(.text)
    TIM_ClearITPendingBit                    0x08001c45   Thumb Code     6  stm32f10x_tim.o(.text)
    USART_DeInit                             0x08001c4d   Thumb Code   134  stm32f10x_usart.o(.text)
    USART_Init                               0x08001cd3   Thumb Code   210  stm32f10x_usart.o(.text)
    USART_StructInit                         0x08001da5   Thumb Code    24  stm32f10x_usart.o(.text)
    USART_ClockInit                          0x08001dbd   Thumb Code    34  stm32f10x_usart.o(.text)
    USART_ClockStructInit                    0x08001ddf   Thumb Code    12  stm32f10x_usart.o(.text)
    USART_Cmd                                0x08001deb   Thumb Code    24  stm32f10x_usart.o(.text)
    USART_ITConfig                           0x08001e03   Thumb Code    74  stm32f10x_usart.o(.text)
    USART_DMACmd                             0x08001e4d   Thumb Code    18  stm32f10x_usart.o(.text)
    USART_SetAddress                         0x08001e5f   Thumb Code    18  stm32f10x_usart.o(.text)
    USART_WakeUpConfig                       0x08001e71   Thumb Code    18  stm32f10x_usart.o(.text)
    USART_ReceiverWakeUpCmd                  0x08001e83   Thumb Code    24  stm32f10x_usart.o(.text)
    USART_LINBreakDetectLengthConfig         0x08001e9b   Thumb Code    18  stm32f10x_usart.o(.text)
    USART_LINCmd                             0x08001ead   Thumb Code    24  stm32f10x_usart.o(.text)
    USART_SendData                           0x08001ec5   Thumb Code     8  stm32f10x_usart.o(.text)
    USART_ReceiveData                        0x08001ecd   Thumb Code    10  stm32f10x_usart.o(.text)
    USART_SendBreak                          0x08001ed7   Thumb Code    10  stm32f10x_usart.o(.text)
    USART_SetGuardTime                       0x08001ee1   Thumb Code    16  stm32f10x_usart.o(.text)
    USART_SetPrescaler                       0x08001ef1   Thumb Code    16  stm32f10x_usart.o(.text)
    USART_SmartCardCmd                       0x08001f01   Thumb Code    24  stm32f10x_usart.o(.text)
    USART_SmartCardNACKCmd                   0x08001f19   Thumb Code    24  stm32f10x_usart.o(.text)
    USART_HalfDuplexCmd                      0x08001f31   Thumb Code    24  stm32f10x_usart.o(.text)
    USART_OverSampling8Cmd                   0x08001f49   Thumb Code    22  stm32f10x_usart.o(.text)
    USART_OneBitMethodCmd                    0x08001f5f   Thumb Code    24  stm32f10x_usart.o(.text)
    USART_IrDAConfig                         0x08001f77   Thumb Code    18  stm32f10x_usart.o(.text)
    USART_IrDACmd                            0x08001f89   Thumb Code    24  stm32f10x_usart.o(.text)
    USART_GetFlagStatus                      0x08001fa1   Thumb Code    26  stm32f10x_usart.o(.text)
    USART_ClearFlag                          0x08001fbb   Thumb Code    18  stm32f10x_usart.o(.text)
    USART_GetITStatus                        0x08001fcd   Thumb Code    84  stm32f10x_usart.o(.text)
    USART_ClearITPendingBit                  0x08002021   Thumb Code    52  stm32f10x_usart.o(.text)
    main                                     0x08002055   Thumb Code    18  main.o(.text)
    NMI_Handler                              0x08002067   Thumb Code     2  stm32f10x_it.o(.text)
    HardFault_Handler                        0x08002069   Thumb Code     4  stm32f10x_it.o(.text)
    MemManage_Handler                        0x0800206d   Thumb Code     4  stm32f10x_it.o(.text)
    BusFault_Handler                         0x08002071   Thumb Code     4  stm32f10x_it.o(.text)
    UsageFault_Handler                       0x08002075   Thumb Code     4  stm32f10x_it.o(.text)
    SVC_Handler                              0x08002079   Thumb Code     2  stm32f10x_it.o(.text)
    DebugMon_Handler                         0x0800207b   Thumb Code     2  stm32f10x_it.o(.text)
    PendSV_Handler                           0x0800207d   Thumb Code     2  stm32f10x_it.o(.text)
    SysTick_Handler                          0x0800207f   Thumb Code     2  stm32f10x_it.o(.text)
    USART1_Config                            0x08002081   Thumb Code   116  usart.o(.text)
    USART2_Config                            0x080020f5   Thumb Code   130  usart.o(.text)
    NVIC_USART2_Config                       0x08002177   Thumb Code    36  usart.o(.text)
    fputc                                    0x0800219b   Thumb Code    40  usart.o(.text)
    itoa                                     0x080021c3   Thumb Code    98  usart.o(.text)
    USART_printf                             0x08002225   Thumb Code   366  usart.o(.text)
    MY_SPI_Init                              0x080023bf   Thumb Code   182  ldc1000.o(.text)
    SPI_LDC_RW                               0x08002475   Thumb Code    50  ldc1000.o(.text)
    LDC1000_init                             0x080024f3   Thumb Code    92  ldc1000.o(.text)
    LDCRead                                  0x0800254f   Thumb Code   210  ldc1000.o(.text)
    TIM3_Init                                0x080026b5   Thumb Code    12  ldc1000.o(.text)
    SPI_LDC_Init                             0x080026c1   Thumb Code    16  ldc1000.o(.text)
    TIM3_NVIC_Configuration                  0x080026d1   Thumb Code    42  ldc1000.o(.text)
    LCD_BGR2RGB                              0x08002719   Thumb Code    26  gui.o(.text)
    Gui_Circle                               0x08002733   Thumb Code   300  gui.o(.text)
    Gui_DrawLine                             0x0800285f   Thumb Code   186  gui.o(.text)
    Gui_box                                  0x08002919   Thumb Code   188  gui.o(.text)
    Gui_box2                                 0x080029d5   Thumb Code   386  gui.o(.text)
    DisplayButtonDown                        0x08002b57   Thumb Code   130  gui.o(.text)
    DisplayButtonUp                          0x08002bd9   Thumb Code   130  gui.o(.text)
    Gui_DrawFont_GBK16                       0x08002c5b   Thumb Code   394  gui.o(.text)
    Gui_DrawFont_GBK24                       0x08002de5   Thumb Code   486  gui.o(.text)
    Gui_DrawFont_Num32                       0x08002fcb   Thumb Code   124  gui.o(.text)
    LCD_GPIO_Init                            0x08003059   Thumb Code    40  lcd_driver.o(.text)
    SPIv_WriteData                           0x08003081   Thumb Code    62  lcd_driver.o(.text)
    SPI_WriteByte                            0x080030bf   Thumb Code    34  lcd_driver.o(.text)
    SPI_SetSpeed                             0x080030e1   Thumb Code    38  lcd_driver.o(.text)
    SPI2_Init                                0x08003107   Thumb Code   178  lcd_driver.o(.text)
    Lcd_WriteIndex                           0x080031b9   Thumb Code    38  lcd_driver.o(.text)
    Lcd_WriteData                            0x080031df   Thumb Code    40  lcd_driver.o(.text)
    Lcd_WriteData_16Bit                      0x08003207   Thumb Code    18  lcd_driver.o(.text)
    LCD_WriteReg                             0x08003219   Thumb Code    20  lcd_driver.o(.text)
    Lcd_Reset                                0x0800322d   Thumb Code    36  lcd_driver.o(.text)
    Lcd_Init                                 0x08003251   Thumb Code   536  lcd_driver.o(.text)
    Lcd_SetXY                                0x08003469   Thumb Code    38  lcd_driver.o(.text)
    Lcd_SetRegion                            0x0800348f   Thumb Code    54  lcd_driver.o(.text)
    Gui_DrawPoint                            0x080034c5   Thumb Code    24  lcd_driver.o(.text)
    Lcd_Clear                                0x080034dd   Thumb Code    72  lcd_driver.o(.text)
    Redraw_Mainmenu                          0x0800352d   Thumb Code   336  qdtft_demo.o(.text)
    Num_Test                                 0x0800367d   Thumb Code   126  qdtft_demo.o(.text)
    Font_Test                                0x080036fb   Thumb Code   150  qdtft_demo.o(.text)
    Color_Test                               0x08003791   Thumb Code   128  qdtft_demo.o(.text)
    showimage                                0x08003811   Thumb Code   164  qdtft_demo.o(.text)
    QDTFT_Test_Demo                          0x080038b5   Thumb Code    56  qdtft_demo.o(.text)
    showLongDigit                            0x080038ed   Thumb Code   240  qdtft_demo.o(.text)
    selftest                                 0x080039dd   Thumb Code   216  qdtft_demo.o(.text)
    delay_init                               0x08003b35   Thumb Code    56  delay.o(.text)
    delay_ms                                 0x08003b6d   Thumb Code    56  delay.o(.text)
    delay_us                                 0x08003ba5   Thumb Code    56  delay.o(.text)
    __scatterload                            0x08003be5   Thumb Code    28  init.o(.text)
    __scatterload_rt2                        0x08003be5   Thumb Code     0  init.o(.text)
    __scatterload_copy                       0x08003c09   Thumb Code    14  handlers.o(i.__scatterload_copy)
    __scatterload_null                       0x08003c17   Thumb Code     2  handlers.o(i.__scatterload_null)
    __scatterload_zeroinit                   0x08003c19   Thumb Code    14  handlers.o(i.__scatterload_zeroinit)
    asc16                                    0x08003c26   Data        1521  gui.o(.constdata)
    sz32                                     0x08004217   Data        1921  gui.o(.constdata)
    hz16                                     0x08004998   Data        2414  gui.o(.constdata)
    hz24                                     0x08005306   Data        1406  gui.o(.constdata)
    gImage_qq                                0x08005884   Data        3200  qdtft_demo.o(.constdata)
    Region$$Table$$Base                      0x08006504   Number         0  anon$$obj.o(Region$$Table)
    Region$$Table$$Limit                     0x08006524   Number         0  anon$$obj.o(Region$$Table)
    SystemCoreClock                          0x20000000   Data           4  system_stm32f10x.o(.data)
    AHBPrescTable                            0x20000004   Data          16  system_stm32f10x.o(.data)
    ProximityData                            0x20000028   Data           4  ldc1000.o(.data)
    FrequencyData                            0x2000002c   Data           4  ldc1000.o(.data)
    speed                                    0x20000030   Data           4  ldc1000.o(.data)
    Num                                      0x20000034   Data          10  qdtft_demo.o(.data)
    DataRcv                                  0x20000044   Data          10  ldc1000.o(.bss)
    __initial_sp                             0x20000450   Data           0  startup_stm32f10x_hd.o(STACK)



==============================================================================

Memory Map of the image

  Image Entry point : 0x08000131

  Load Region LR_IROM1 (Base: 0x08000000, Size: 0x00006568, Max: 0x00040000, ABSOLUTE)

    Execution Region ER_IROM1 (Exec base: 0x08000000, Load base: 0x08000000, Size: 0x00006524, Max: 0x00040000, ABSOLUTE)

    Exec Addr    Load Addr    Size         Type   Attr      Idx    E Section Name        Object

    0x08000000   0x08000000   0x00000130   Data   RO          116    RESET               startup_stm32f10x_hd.o
    0x08000130   0x08000130   0x00000000   Code   RO          582  * .ARM.Collect$$$$00000000  mc_w.l(entry.o)
    0x08000130   0x08000130   0x00000004   Code   RO          585    .ARM.Collect$$$$00000001  mc_w.l(entry2.o)
    0x08000134   0x08000134   0x00000004   Code   RO          588    .ARM.Collect$$$$00000004  mc_w.l(entry5.o)
    0x08000138   0x08000138   0x00000000   Code   RO          590    .ARM.Collect$$$$00000008  mc_w.l(entry7b.o)
    0x08000138   0x08000138   0x00000000   Code   RO          592    .ARM.Collect$$$$0000000A  mc_w.l(entry8b.o)
    0x08000138   0x08000138   0x00000008   Code   RO          593    .ARM.Collect$$$$0000000B  mc_w.l(entry9a.o)
    0x08000140   0x08000140   0x00000000   Code   RO          595    .ARM.Collect$$$$0000000D  mc_w.l(entry10a.o)
    0x08000140   0x08000140   0x00000000   Code   RO          597    .ARM.Collect$$$$0000000F  mc_w.l(entry11a.o)
    0x08000140   0x08000140   0x00000004   Code   RO          586    .ARM.Collect$$$$00002712  mc_w.l(entry2.o)
    0x08000144   0x08000144   0x000001e0   Code   RO           17    .text               system_stm32f10x.o
    0x08000324   0x08000324   0x00000024   Code   RO          117    .text               startup_stm32f10x_hd.o
    0x08000348   0x08000348   0x000000dc   Code   RO          121    .text               misc.o
    0x08000424   0x08000424   0x0000035c   Code   RO          269    .text               stm32f10x_gpio.o
    0x08000780   0x08000780   0x000003a4   Code   RO          317    .text               stm32f10x_rcc.o
    0x08000b24   0x08000b24   0x0000030c   Code   RO          355    .text               stm32f10x_spi.o
    0x08000e30   0x08000e30   0x00000e1a   Code   RO          367    .text               stm32f10x_tim.o
    0x08001c4a   0x08001c4a   0x00000002   PAD
    0x08001c4c   0x08001c4c   0x00000408   Code   RO          379    .text               stm32f10x_usart.o
    0x08002054   0x08002054   0x00000012   Code   RO          403    .text               main.o
    0x08002066   0x08002066   0x0000001a   Code   RO          438    .text               stm32f10x_it.o
    0x08002080   0x08002080   0x00000320   Code   RO          450    .text               usart.o
    0x080023a0   0x080023a0   0x00000378   Code   RO          478    .text               ldc1000.o
    0x08002718   0x08002718   0x00000940   Code   RO          494    .text               gui.o
    0x08003058   0x08003058   0x000004d4   Code   RO          532    .text               lcd_driver.o
    0x0800352c   0x0800352c   0x00000608   Code   RO          544    .text               qdtft_demo.o
    0x08003b34   0x08003b34   0x000000b0   Code   RO          568    .text               delay.o
    0x08003be4   0x08003be4   0x00000024   Code   RO          599    .text               mc_w.l(init.o)
    0x08003c08   0x08003c08   0x0000000e   Code   RO          603    i.__scatterload_copy  mc_w.l(handlers.o)
    0x08003c16   0x08003c16   0x00000002   Code   RO          604    i.__scatterload_null  mc_w.l(handlers.o)
    0x08003c18   0x08003c18   0x0000000e   Code   RO          605    i.__scatterload_zeroinit  mc_w.l(handlers.o)
    0x08003c26   0x08003c26   0x00001c5e   Data   RO          495    .constdata          gui.o
    0x08005884   0x08005884   0x00000c80   Data   RO          545    .constdata          qdtft_demo.o
    0x08006504   0x08006504   0x00000020   Data   RO          601    Region$$Table       anon$$obj.o


    Execution Region RW_IRAM1 (Exec base: 0x20000000, Load base: 0x08006524, Size: 0x00000450, Max: 0x0000c000, ABSOLUTE)

    Exec Addr    Load Addr    Size         Type   Attr      Idx    E Section Name        Object

    0x20000000   0x08006524   0x00000014   Data   RW           18    .data               system_stm32f10x.o
    0x20000014   0x08006538   0x00000014   Data   RW          318    .data               stm32f10x_rcc.o
    0x20000028   0x0800654c   0x0000000c   Data   RW          480    .data               ldc1000.o
    0x20000034   0x08006558   0x0000000a   Data   RW          546    .data               qdtft_demo.o
    0x2000003e   0x08006562   0x00000004   Data   RW          569    .data               delay.o
    0x20000042   0x08006566   0x00000002   PAD
    0x20000044        -       0x0000000a   Zero   RW          479    .bss                ldc1000.o
    0x2000004e   0x08006566   0x00000002   PAD
    0x20000050        -       0x00000400   Zero   RW          114    STACK               startup_stm32f10x_hd.o


==============================================================================

Image component sizes


      Code (inc. data)   RO Data    RW Data    ZI Data      Debug   Object Name

         0          0          0          0          0       4540   core_cm3.o
       176          8          0          4          0       1007   delay.o
      2368         18       7262          0          0     204401   gui.o
      1236         16          0          0          0       4229   lcd_driver.o
       888         30          0         12         10       3217   ldc1000.o
        18          0          0          0          0        427   main.o
       220         22          0          0          0       1897   misc.o
      1544        304       3200         10          0       2979   qdtft_demo.o
        36          8        304          0       1024        892   startup_stm32f10x_hd.o
       860         38          0          0          0       5829   stm32f10x_gpio.o
        26          0          0          0          0       1186   stm32f10x_it.o
       932         36          0         20          0       9024   stm32f10x_rcc.o
       780         14          0          0          0       6710   stm32f10x_spi.o
      3610         88          0          0          0      22940   stm32f10x_tim.o
      1032         22          0          0          0       8556   stm32f10x_usart.o
       480         38          0         20          0     257819   system_stm32f10x.o
       800         14          0          0          0       4353   usart.o

    ----------------------------------------------------------------------
     15008        656      10798         68       1036     540006   Object Totals
         0          0         32          0          0          0   (incl. Generated)
         2          0          0          2          2          0   (incl. Padding)

    ----------------------------------------------------------------------

      Code (inc. data)   RO Data    RW Data    ZI Data      Debug   Library Member Name

         0          0          0          0          0          0   entry.o
         0          0          0          0          0          0   entry10a.o
         0          0          0          0          0          0   entry11a.o
         8          4          0          0          0          0   entry2.o
         4          0          0          0          0          0   entry5.o
         0          0          0          0          0          0   entry7b.o
         0          0          0          0          0          0   entry8b.o
         8          4          0          0          0          0   entry9a.o
        30          0          0          0          0          0   handlers.o
        36          8          0          0          0         68   init.o

    ----------------------------------------------------------------------
        86         16          0          0          0         68   Library Totals
         0          0          0          0          0          0   (incl. Padding)

    ----------------------------------------------------------------------

      Code (inc. data)   RO Data    RW Data    ZI Data      Debug   Library Name

        86         16          0          0          0         68   mc_w.l

    ----------------------------------------------------------------------
        86         16          0          0          0         68   Library Totals

    ----------------------------------------------------------------------

==============================================================================


      Code (inc. data)   RO Data    RW Data    ZI Data      Debug   

     15094        672      10798         68       1036     539030   Grand Totals
     15094        672      10798         68       1036     539030   ELF Image Totals
     15094        672      10798         68          0          0   ROM Totals

==============================================================================

    Total RO  Size (Code + RO Data)                25892 (  25.29kB)
    Total RW  Size (RW Data + ZI Data)              1104 (   1.08kB)
    Total ROM Size (Code + RO Data + RW Data)      25960 (  25.35kB)

==============================================================================

